==============================================================================
所有PCIeDevice测试                                                            
==============================================================================
所有PCIeDevice测试.Testcases                                                  
==============================================================================
所有PCIeDevice测试.Testcases.Test Pcie Device :: Redfish API测试 - PCIeDevi...
==============================================================================
开始执行PCIeDevice接口测试...
验证PCIeDevice接口可访问性 :: 验证PCIeDevice接口可以正常访问并返回... 
=== 响应详情 ===
状态码: 200
响应时间: 0.156621秒
数据ID: PCIeCard11
名称: GPU-VA16-128GB-FHFL
状态: Enabled/OK
================

| PASS |
------------------------------------------------------------------------------
验证PCIeDevice接口响应结构 :: 验证PCIeDevice接口返回的数据结构符合... 
=== 响应详情 ===
状态码: 200
响应时间: 0.020247秒
数据ID: PCIeCard11
名称: GPU-VA16-128GB-FHFL
状态: Enabled/OK
================

| PASS |
------------------------------------------------------------------------------
验证PCIeDevice接口数据完整性 :: 验证PCIeDevice接口返回的数据完整性    
=== 响应详情 ===
状态码: 200
响应时间: 0.019852秒
数据ID: PCIeCard11
名称: GPU-VA16-128GB-FHFL
状态: Enabled/OK
================

| PASS |
------------------------------------------------------------------------------
PCIeDevice接口测试执行完成！
所有PCIeDevice测试.Testcases.Test Pcie Device :: Redfish API测试 -... | PASS |
3 tests, 3 passed, 0 failed
==============================================================================
所有PCIeDevice测试.Testcases                                          | PASS |
3 tests, 3 passed, 0 failed
==============================================================================
所有PCIeDevice测试                                                    | PASS |
3 tests, 3 passed, 0 failed
==============================================================================
Output:  D:\work1\results\output.xml
Log:     D:\work1\results\log.html
Report:  D:\work1\results\report.html
